{
  "version": "1.5.0",
  "plugins_used": [
    {
      "name": "ArtifactoryDetector"
    },
    {
      "name": "AWSKeyDetector"
    },
    {
      "name": "AzureStorageKeyDetector"
    },
    {
      "name": "Base64HighEntropyString",
      "limit": 4.5
    },
    {
      "name": "BasicAuthDetector"
    },
    {
      "name": "CloudantDetector"
    },
    {
      "name": "DiscordBotTokenDetector"
    },
    {
      "name": "GitHubTokenDetector"
    },
    {
      "name": "GitLabTokenDetector"
    },
    {
      "name": "HexHighEntropyString",
      "limit": 3
    },
    {
      "name": "IbmCloudIamDetector"
    },
    {
      "name": "IbmCosHmacDetector"
    },
    {
      "name": "IPPublicDetector"
    },
    {
      "name": "JwtTokenDetector"
    },
    {
      "name": "KeywordDetector",
      "keyword_exclude": ""
    },
    {
      "name": "MailchimpDetector"
    },
    {
      "name": "NpmDetector"
    },
    {
      "name": "OpenAIDetector"
    },
    {
      "name": "PrivateKeyDetector"
    },
    {
      "name": "PypiTokenDetector"
    },
    {
      "name": "SendGridDetector"
    },
    {
      "name": "SlackDetector"
    },
    {
      "name": "SoftlayerDetector"
    },
    {
      "name": "SquareOAuthDetector"
    },
    {
      "name": "StripeDetector"
    },
    {
      "name": "TelegramBotTokenDetector"
    },
    {
      "name": "TwilioKeyDetector"
    }
  ],
  "filters_used": [
    {
      "path": "detect_secrets.filters.allowlist.is_line_allowlisted"
    },
    {
      "path": "detect_secrets.filters.common.is_baseline_file",
      "filename": ".secrets.baseline"
    },
    {
      "path": "detect_secrets.filters.common.is_ignored_due_to_verification_policies",
      "min_level": 2
    },
    {
      "path": "detect_secrets.filters.heuristic.is_indirect_reference"
    },
    {
      "path": "detect_secrets.filters.heuristic.is_likely_id_string"
    },
    {
      "path": "detect_secrets.filters.heuristic.is_lock_file"
    },
    {
      "path": "detect_secrets.filters.heuristic.is_not_alphanumeric_string"
    },
    {
      "path": "detect_secrets.filters.heuristic.is_potential_uuid"
    },
    {
      "path": "detect_secrets.filters.heuristic.is_prefixed_with_dollar_sign"
    },
    {
      "path": "detect_secrets.filters.heuristic.is_sequential_string"
    },
    {
      "path": "detect_secrets.filters.heuristic.is_swagger_file"
    },
    {
      "path": "detect_secrets.filters.heuristic.is_templated_secret"
    },
    {
      "path": "detect_secrets.filters.regex.should_exclude_file",
      "pattern": [
        "(^|[\\\\/])(\\.git|\\.venv|\\.mypy_cache|\\.ruff_cache|\\.pytest_cache|\\.test-cache|99_Archive)([\\\\/]|$)|(^|[\\\\/])\\.env$|(^|[\\\\/])frontend[\\\\/]playwright-report([\\\\/]|$)"
      ]
    }
  ],
  "results": {
    ".env.example": [
      {
        "type": "Basic Auth Credentials",
        "filename": ".env.example",
        "hashed_secret": "f81b0c53985952c7a0b52258dc071e11b74dec13",
        "is_verified": false,
        "line_number": 19
      }
    ],
    ".github/workflows/ci.yml": [
      {
        "type": "Secret Keyword",
        "filename": ".github/workflows/ci.yml",
        "hashed_secret": "f81b0c53985952c7a0b52258dc071e11b74dec13",
        "is_verified": false,
        "line_number": 14
      },
      {
        "type": "Base64 High Entropy String",
        "filename": ".github/workflows/ci.yml",
        "hashed_secret": "3c3b14830a62c62eca6bf3320bfc995406325df3",
        "is_verified": false,
        "line_number": 18
      },
      {
        "type": "Secret Keyword",
        "filename": ".github/workflows/ci.yml",
        "hashed_secret": "3c3b14830a62c62eca6bf3320bfc995406325df3",
        "is_verified": false,
        "line_number": 18
      },
      {
        "type": "Secret Keyword",
        "filename": ".github/workflows/ci.yml",
        "hashed_secret": "4b2a74050112912cf1ae1b56aeac467f315b7848",
        "is_verified": false,
        "line_number": 27
      },
      {
        "type": "Secret Keyword",
        "filename": ".github/workflows/ci.yml",
        "hashed_secret": "1c650525f225f285eafee50b495c6102c4e663d3",
        "is_verified": false,
        "line_number": 29
      },
      {
        "type": "Secret Keyword",
        "filename": ".github/workflows/ci.yml",
        "hashed_secret": "493b7174cb6bf9032361f52dac04e11f4b59e1e6",
        "is_verified": false,
        "line_number": 36
      },
      {
        "type": "Secret Keyword",
        "filename": ".github/workflows/ci.yml",
        "hashed_secret": "b53f5578817d907c2e991c1ed616f2dd32537c47",
        "is_verified": false,
        "line_number": 173
      },
      {
        "type": "Secret Keyword",
        "filename": ".github/workflows/ci.yml",
        "hashed_secret": "384bb282e984ce1fc77bd625d70485b45abd752a",
        "is_verified": false,
        "line_number": 176
      }
    ],
    ".github/workflows/e2e.yml": [
      {
        "type": "Basic Auth Credentials",
        "filename": ".github/workflows/e2e.yml",
        "hashed_secret": "f81b0c53985952c7a0b52258dc071e11b74dec13",
        "is_verified": false,
        "line_number": 13
      },
      {
        "type": "Secret Keyword",
        "filename": ".github/workflows/e2e.yml",
        "hashed_secret": "f81b0c53985952c7a0b52258dc071e11b74dec13",
        "is_verified": false,
        "line_number": 18
      },
      {
        "type": "Secret Keyword",
        "filename": ".github/workflows/e2e.yml",
        "hashed_secret": "b53f5578817d907c2e991c1ed616f2dd32537c47",
        "is_verified": false,
        "line_number": 22
      },
      {
        "type": "Secret Keyword",
        "filename": ".github/workflows/e2e.yml",
        "hashed_secret": "384bb282e984ce1fc77bd625d70485b45abd752a",
        "is_verified": false,
        "line_number": 25
      },
      {
        "type": "Secret Keyword",
        "filename": ".github/workflows/e2e.yml",
        "hashed_secret": "94ec60313b30121b98e15f600741d0787e0edcec",
        "is_verified": false,
        "line_number": 28
      }
    ],
    "backend/config/settings/base.py": [
      {
        "type": "Secret Keyword",
        "filename": "backend/config/settings/base.py",
        "hashed_secret": "94e4726309068cb20f8c263967833f3b4ab29c54",
        "is_verified": false,
        "line_number": 84
      }
    ],
    "backend/tenancy/management/commands/seed_e2e.py": [
      {
        "type": "Secret Keyword",
        "filename": "backend/tenancy/management/commands/seed_e2e.py",
        "hashed_secret": "94ec60313b30121b98e15f600741d0787e0edcec",
        "is_verified": false,
        "line_number": 22
      },
      {
        "type": "Secret Keyword",
        "filename": "backend/tenancy/management/commands/seed_e2e.py",
        "hashed_secret": "384bb282e984ce1fc77bd625d70485b45abd752a",
        "is_verified": false,
        "line_number": 23
      },
      {
        "type": "Secret Keyword",
        "filename": "backend/tenancy/management/commands/seed_e2e.py",
        "hashed_secret": "b53f5578817d907c2e991c1ed616f2dd32537c47",
        "is_verified": false,
        "line_number": 24
      },
      {
        "type": "Secret Keyword",
        "filename": "backend/tenancy/management/commands/seed_e2e.py",
        "hashed_secret": "2b9499731a7c898664d562d1f5640adfe34b77f4",
        "is_verified": false,
        "line_number": 609
      }
    ],
    "backend/tests/conftest.py": [
      {
        "type": "Secret Keyword",
        "filename": "backend/tests/conftest.py",
        "hashed_secret": "aafdc23870ecbcd3d557b6423a8982134e17927e",
        "is_verified": false,
        "line_number": 296
      }
    ],
    "backend/tests/test_accounts.py": [
      {
        "type": "Secret Keyword",
        "filename": "backend/tests/test_accounts.py",
        "hashed_secret": "9dddc18d3dc16837ac6b5093300b08b3857af6a8",
        "is_verified": false,
        "line_number": 12
      },
      {
        "type": "Secret Keyword",
        "filename": "backend/tests/test_accounts.py",
        "hashed_secret": "5baa61e4c9b93f3f0682250b6cf8331b7ee68fd8",
        "is_verified": false,
        "line_number": 20
      }
    ],
    "backend/tests/test_audit.py": [
      {
        "type": "Secret Keyword",
        "filename": "backend/tests/test_audit.py",
        "hashed_secret": "711fbc00b8a96de03f4337eb04ace2781bad6393",
        "is_verified": false,
        "line_number": 21
      }
    ],
    "backend/tests/test_catalog_api.py": [
      {
        "type": "Secret Keyword",
        "filename": "backend/tests/test_catalog_api.py",
        "hashed_secret": "aafdc23870ecbcd3d557b6423a8982134e17927e",
        "is_verified": false,
        "line_number": 70
      }
    ],
    "backend/tests/test_catalog_api_hardening.py": [
      {
        "type": "Secret Keyword",
        "filename": "backend/tests/test_catalog_api_hardening.py",
        "hashed_secret": "aafdc23870ecbcd3d557b6423a8982134e17927e",
        "is_verified": false,
        "line_number": 50
      }
    ],
    "backend/tests/test_catalog_observability.py": [
      {
        "type": "Secret Keyword",
        "filename": "backend/tests/test_catalog_observability.py",
        "hashed_secret": "aafdc23870ecbcd3d557b6423a8982134e17927e",
        "is_verified": false,
        "line_number": 47
      }
    ],
    "backend/tests/test_catalog_views_coverage.py": [
      {
        "type": "Secret Keyword",
        "filename": "backend/tests/test_catalog_views_coverage.py",
        "hashed_secret": "aafdc23870ecbcd3d557b6423a8982134e17927e",
        "is_verified": false,
        "line_number": 88
      }
    ],
    "backend/tests/test_commercial_combos.py": [
      {
        "type": "Secret Keyword",
        "filename": "backend/tests/test_commercial_combos.py",
        "hashed_secret": "aafdc23870ecbcd3d557b6423a8982134e17927e",
        "is_verified": false,
        "line_number": 90
      }
    ],
    "backend/tests/test_device_auth_api.py": [
      {
        "type": "Secret Keyword",
        "filename": "backend/tests/test_device_auth_api.py",
        "hashed_secret": "a4b48a81cdab1e1a5dd37907d6c85ca1c61ddc7c",
        "is_verified": false,
        "line_number": 111
      },
      {
        "type": "Secret Keyword",
        "filename": "backend/tests/test_device_auth_api.py",
        "hashed_secret": "2ddd823be2872ac92fbf0e940884ebf34ccb9cf9",
        "is_verified": false,
        "line_number": 125
      }
    ],
    "backend/tests/test_e2e_workflow_seed_guard.py": [
      {
        "type": "Secret Keyword",
        "filename": "backend/tests/test_e2e_workflow_seed_guard.py",
        "hashed_secret": "b53f5578817d907c2e991c1ed616f2dd32537c47",
        "is_verified": false,
        "line_number": 5
      }
    ],
    "backend/tests/test_e2e_workflows.py": [
      {
        "type": "Secret Keyword",
        "filename": "backend/tests/test_e2e_workflows.py",
        "hashed_secret": "384bb282e984ce1fc77bd625d70485b45abd752a",
        "is_verified": false,
        "line_number": 19
      },
      {
        "type": "Secret Keyword",
        "filename": "backend/tests/test_e2e_workflows.py",
        "hashed_secret": "f81b0c53985952c7a0b52258dc071e11b74dec13",
        "is_verified": false,
        "line_number": 24
      },
      {
        "type": "Secret Keyword",
        "filename": "backend/tests/test_e2e_workflows.py",
        "hashed_secret": "b53f5578817d907c2e991c1ed616f2dd32537c47",
        "is_verified": false,
        "line_number": 25
      }
    ],
    "backend/tests/test_final_coverage_push.py": [
      {
        "type": "Secret Keyword",
        "filename": "backend/tests/test_final_coverage_push.py",
        "hashed_secret": "9d4e1e23bd5b727046a9e3b4b7db57bd8d6ee684",
        "is_verified": false,
        "line_number": 258
      },
      {
        "type": "Secret Keyword",
        "filename": "backend/tests/test_final_coverage_push.py",
        "hashed_secret": "26c1c64b2c15394654adf98fd285f9d3c607e0c4",
        "is_verified": false,
        "line_number": 1170
      },
      {
        "type": "Secret Keyword",
        "filename": "backend/tests/test_final_coverage_push.py",
        "hashed_secret": "b7d00764f43b6358669a3d0107692faf1350eab6",
        "is_verified": false,
        "line_number": 1194
      },
      {
        "type": "Secret Keyword",
        "filename": "backend/tests/test_final_coverage_push.py",
        "hashed_secret": "7776ea99cb460594e66ac0feb203444a75466d2e",
        "is_verified": false,
        "line_number": 1211
      },
      {
        "type": "Secret Keyword",
        "filename": "backend/tests/test_final_coverage_push.py",
        "hashed_secret": "aafdc23870ecbcd3d557b6423a8982134e17927e",
        "is_verified": false,
        "line_number": 1860
      }
    ],
    "backend/tests/test_fiscal_coverage.py": [
      {
        "type": "Secret Keyword",
        "filename": "backend/tests/test_fiscal_coverage.py",
        "hashed_secret": "dff6d4ff5dc357cf451d1855ab9cbda562645c9f",
        "is_verified": false,
        "line_number": 775
      },
      {
        "type": "Secret Keyword",
        "filename": "backend/tests/test_fiscal_coverage.py",
        "hashed_secret": "5ef3af6cd9b5aa907fa618fac829baaec6763b42",
        "is_verified": false,
        "line_number": 805
      }
    ],
    "backend/tests/test_fiscal_receipt_validation.py": [
      {
        "type": "Secret Keyword",
        "filename": "backend/tests/test_fiscal_receipt_validation.py",
        "hashed_secret": "aafdc23870ecbcd3d557b6423a8982134e17927e",
        "is_verified": false,
        "line_number": 255
      }
    ],
    "backend/tests/test_mfa_api.py": [
      {
        "type": "Secret Keyword",
        "filename": "backend/tests/test_mfa_api.py",
        "hashed_secret": "87e467e680038e7822a9bc083cbeac2959280f57",
        "is_verified": false,
        "line_number": 91
      }
    ],
    "backend/tests/test_onboarding_api.py": [
      {
        "type": "Secret Keyword",
        "filename": "backend/tests/test_onboarding_api.py",
        "hashed_secret": "c1e295f4a586896ac0150e25c8600da506e4b8e0",
        "is_verified": false,
        "line_number": 46
      },
      {
        "type": "Secret Keyword",
        "filename": "backend/tests/test_onboarding_api.py",
        "hashed_secret": "789cbe0407840b1c2041cb33452ff60f19bf58cc",
        "is_verified": false,
        "line_number": 242
      }
    ],
    "backend/tests/test_outbox.py": [
      {
        "type": "Secret Keyword",
        "filename": "backend/tests/test_outbox.py",
        "hashed_secret": "01bc711fa8c8ac4ba7eab82879a317b0368231ff",
        "is_verified": false,
        "line_number": 94
      }
    ],
    "backend/tests/test_password_recovery.py": [
      {
        "type": "Secret Keyword",
        "filename": "backend/tests/test_password_recovery.py",
        "hashed_secret": "d286fe16346215f582b5e88fd3fd2c5504c87958",
        "is_verified": false,
        "line_number": 29
      }
    ],
    "backend/tests/test_payments_models.py": [
      {
        "type": "Secret Keyword",
        "filename": "backend/tests/test_payments_models.py",
        "hashed_secret": "da87356d4c801a517635e501654310fd8d1e4407",
        "is_verified": false,
        "line_number": 15
      },
      {
        "type": "Secret Keyword",
        "filename": "backend/tests/test_payments_models.py",
        "hashed_secret": "dc241a6d0534dc46d0a32bbc676c45addf73013f",
        "is_verified": false,
        "line_number": 18
      },
      {
        "type": "Secret Keyword",
        "filename": "backend/tests/test_payments_models.py",
        "hashed_secret": "cf4d2385b84329a52ca542285b93d9c4618420df",
        "is_verified": false,
        "line_number": 52
      }
    ],
    "backend/tests/test_payments_outbox_config_coverage.py": [
      {
        "type": "Secret Keyword",
        "filename": "backend/tests/test_payments_outbox_config_coverage.py",
        "hashed_secret": "5c5a15a8b0b3e154d77746945e563ba40100681b",
        "is_verified": false,
        "line_number": 235
      },
      {
        "type": "Secret Keyword",
        "filename": "backend/tests/test_payments_outbox_config_coverage.py",
        "hashed_secret": "a2b005fff8fe1f7897243e62be6388dc2d3da6f7",
        "is_verified": false,
        "line_number": 256
      },
      {
        "type": "Secret Keyword",
        "filename": "backend/tests/test_payments_outbox_config_coverage.py",
        "hashed_secret": "c06ce8e731c586c4777a3752e1bddb13f86167ba",
        "is_verified": false,
        "line_number": 421
      },
      {
        "type": "Secret Keyword",
        "filename": "backend/tests/test_payments_outbox_config_coverage.py",
        "hashed_secret": "d0941e68da8f38151ff86a61fc59f7c5cf9fcaa2",
        "is_verified": false,
        "line_number": 475
      }
    ],
    "backend/tests/test_platform_admin_api.py": [
      {
        "type": "Secret Keyword",
        "filename": "backend/tests/test_platform_admin_api.py",
        "hashed_secret": "aafdc23870ecbcd3d557b6423a8982134e17927e",
        "is_verified": false,
        "line_number": 17
      }
    ],
    "backend/tests/test_platform_admin_coverage.py": [
      {
        "type": "Secret Keyword",
        "filename": "backend/tests/test_platform_admin_coverage.py",
        "hashed_secret": "aafdc23870ecbcd3d557b6423a8982134e17927e",
        "is_verified": false,
        "line_number": 184
      }
    ],
    "backend/tests/test_platform_entitlements.py": [
      {
        "type": "Secret Keyword",
        "filename": "backend/tests/test_platform_entitlements.py",
        "hashed_secret": "aafdc23870ecbcd3d557b6423a8982134e17927e",
        "is_verified": false,
        "line_number": 151
      }
    ],
    "backend/tests/test_pratical_api.py": [
      {
        "type": "Secret Keyword",
        "filename": "backend/tests/test_pratical_api.py",
        "hashed_secret": "ce80c3228338afee700996d5f70b9522916f4038",
        "is_verified": false,
        "line_number": 121
      },
      {
        "type": "Secret Keyword",
        "filename": "backend/tests/test_pratical_api.py",
        "hashed_secret": "e5e9fa1ba31ecd1ae84f75caaa474f3a663f05f4",
        "is_verified": false,
        "line_number": 161
      }
    ],
    "backend/tests/test_product_redesign_identity.py": [
      {
        "type": "Secret Keyword",
        "filename": "backend/tests/test_product_redesign_identity.py",
        "hashed_secret": "1c58bd92003bbaa0538e249fff6ee19a270dec5f",
        "is_verified": false,
        "line_number": 79
      }
    ],
    "backend/tests/test_purchasing_api.py": [
      {
        "type": "Secret Keyword",
        "filename": "backend/tests/test_purchasing_api.py",
        "hashed_secret": "aafdc23870ecbcd3d557b6423a8982134e17927e",
        "is_verified": false,
        "line_number": 49
      }
    ],
    "backend/tests/test_purchasing_sprint13.py": [
      {
        "type": "Secret Keyword",
        "filename": "backend/tests/test_purchasing_sprint13.py",
        "hashed_secret": "aafdc23870ecbcd3d557b6423a8982134e17927e",
        "is_verified": false,
        "line_number": 174
      }
    ],
    "backend/tests/test_sales_returns_api.py": [
      {
        "type": "Secret Keyword",
        "filename": "backend/tests/test_sales_returns_api.py",
        "hashed_secret": "aafdc23870ecbcd3d557b6423a8982134e17927e",
        "is_verified": false,
        "line_number": 765
      }
    ],
    "backend/tests/test_sales_services.py": [
      {
        "type": "Secret Keyword",
        "filename": "backend/tests/test_sales_services.py",
        "hashed_secret": "aafdc23870ecbcd3d557b6423a8982134e17927e",
        "is_verified": false,
        "line_number": 32
      }
    ],
    "backend/tests/test_seed_e2e.py": [
      {
        "type": "Secret Keyword",
        "filename": "backend/tests/test_seed_e2e.py",
        "hashed_secret": "42337e8e337479f17a1c906b1581b697a987a307",
        "is_verified": false,
        "line_number": 34
      }
    ],
    "backend/tests/test_seed_tenants.py": [
      {
        "type": "Secret Keyword",
        "filename": "backend/tests/test_seed_tenants.py",
        "hashed_secret": "12be69f2f63c5445b62694bbf532c17405b97353",
        "is_verified": false,
        "line_number": 20
      }
    ],
    "backend/tests/test_session_auth.py": [
      {
        "type": "Secret Keyword",
        "filename": "backend/tests/test_session_auth.py",
        "hashed_secret": "a4b48a81cdab1e1a5dd37907d6c85ca1c61ddc7c",
        "is_verified": false,
        "line_number": 17
      },
      {
        "type": "Secret Keyword",
        "filename": "backend/tests/test_session_auth.py",
        "hashed_secret": "87e467e680038e7822a9bc083cbeac2959280f57",
        "is_verified": false,
        "line_number": 46
      }
    ],
    "backend/tests/test_tenancy_accounts_coverage.py": [
      {
        "type": "Secret Keyword",
        "filename": "backend/tests/test_tenancy_accounts_coverage.py",
        "hashed_secret": "87e467e680038e7822a9bc083cbeac2959280f57",
        "is_verified": false,
        "line_number": 79
      },
      {
        "type": "Secret Keyword",
        "filename": "backend/tests/test_tenancy_accounts_coverage.py",
        "hashed_secret": "789cbe0407840b1c2041cb33452ff60f19bf58cc",
        "is_verified": false,
        "line_number": 196
      }
    ],
    "backend/tests/test_tenant_api.py": [
      {
        "type": "Secret Keyword",
        "filename": "backend/tests/test_tenant_api.py",
        "hashed_secret": "aafdc23870ecbcd3d557b6423a8982134e17927e",
        "is_verified": false,
        "line_number": 21
      }
    ],
    "backend/tests/test_tenant_integrity.py": [
      {
        "type": "Secret Keyword",
        "filename": "backend/tests/test_tenant_integrity.py",
        "hashed_secret": "aafdc23870ecbcd3d557b6423a8982134e17927e",
        "is_verified": false,
        "line_number": 68
      }
    ],
    "backend/tests/test_web_fiscal_payments_monitoring_api.py": [
      {
        "type": "Secret Keyword",
        "filename": "backend/tests/test_web_fiscal_payments_monitoring_api.py",
        "hashed_secret": "df17d575476ccfa71ff990eeb387da1d8a462929",
        "is_verified": false,
        "line_number": 212
      },
      {
        "type": "Secret Keyword",
        "filename": "backend/tests/test_web_fiscal_payments_monitoring_api.py",
        "hashed_secret": "99091d046a81493ef2545d8c3cd8e881e8702893",
        "is_verified": false,
        "line_number": 327
      },
      {
        "type": "Secret Keyword",
        "filename": "backend/tests/test_web_fiscal_payments_monitoring_api.py",
        "hashed_secret": "daaeec9dfe3dd3607e44654c1b617c090e57d625",
        "is_verified": false,
        "line_number": 627
      }
    ],
    "backend/tests/test_web_frontend_foundation_api.py": [
      {
        "type": "Secret Keyword",
        "filename": "backend/tests/test_web_frontend_foundation_api.py",
        "hashed_secret": "9d4e1e23bd5b727046a9e3b4b7db57bd8d6ee684",
        "is_verified": false,
        "line_number": 37
      },
      {
        "type": "Secret Keyword",
        "filename": "backend/tests/test_web_frontend_foundation_api.py",
        "hashed_secret": "a4b48a81cdab1e1a5dd37907d6c85ca1c61ddc7c",
        "is_verified": false,
        "line_number": 48
      },
      {
        "type": "Secret Keyword",
        "filename": "backend/tests/test_web_frontend_foundation_api.py",
        "hashed_secret": "aafdc23870ecbcd3d557b6423a8982134e17927e",
        "is_verified": false,
        "line_number": 64
      }
    ],
    "backend/tests/test_web_operations_api.py": [
      {
        "type": "Secret Keyword",
        "filename": "backend/tests/test_web_operations_api.py",
        "hashed_secret": "aafdc23870ecbcd3d557b6423a8982134e17927e",
        "is_verified": false,
        "line_number": 65
      }
    ],
    "docker-compose.e2e.yml": [
      {
        "type": "Secret Keyword",
        "filename": "docker-compose.e2e.yml",
        "hashed_secret": "f81b0c53985952c7a0b52258dc071e11b74dec13",
        "is_verified": false,
        "line_number": 7
      },
      {
        "type": "Basic Auth Credentials",
        "filename": "docker-compose.e2e.yml",
        "hashed_secret": "f81b0c53985952c7a0b52258dc071e11b74dec13",
        "is_verified": false,
        "line_number": 33
      },
      {
        "type": "Secret Keyword",
        "filename": "docker-compose.e2e.yml",
        "hashed_secret": "b53f5578817d907c2e991c1ed616f2dd32537c47",
        "is_verified": false,
        "line_number": 42
      }
    ],
    "docs/02_Architecture/design-system/reference/manifest.json": [
      {
        "type": "Hex High Entropy String",
        "filename": "docs/02_Architecture/design-system/reference/manifest.json",
        "hashed_secret": "97ec242e3eb8f81a658ecd4eee82acee3dfd9510",
        "is_verified": false,
        "line_number": 6
      },
      {
        "type": "Hex High Entropy String",
        "filename": "docs/02_Architecture/design-system/reference/manifest.json",
        "hashed_secret": "61d0ea2aae98c230263fe976190882859e24277d",
        "is_verified": false,
        "line_number": 10
      },
      {
        "type": "Hex High Entropy String",
        "filename": "docs/02_Architecture/design-system/reference/manifest.json",
        "hashed_secret": "737e78001b976ac60c5c707ec97c1312c7528fd9",
        "is_verified": false,
        "line_number": 14
      },
      {
        "type": "Hex High Entropy String",
        "filename": "docs/02_Architecture/design-system/reference/manifest.json",
        "hashed_secret": "638b50a13ca32d4b73b2fbfcbf8cf07a1e0bc0e1",
        "is_verified": false,
        "line_number": 18
      }
    ],
    "docs/superpowers/plans/2026-07-14-sprint-1-auth-onboarding-implementation-plan.md": [
      {
        "type": "Secret Keyword",
        "filename": "docs/superpowers/plans/2026-07-14-sprint-1-auth-onboarding-implementation-plan.md",
        "hashed_secret": "2e683b85670e26661f78bc262a2a313e8e5bae27",
        "is_verified": false,
        "line_number": 372
      }
    ],
    "docs/superpowers/plans/2026-07-22-release-hardening-implementation-plan.md": [
      {
        "type": "Basic Auth Credentials",
        "filename": "docs/superpowers/plans/2026-07-22-release-hardening-implementation-plan.md",
        "hashed_secret": "f81b0c53985952c7a0b52258dc071e11b74dec13",
        "is_verified": false,
        "line_number": 77
      }
    ],
    "frontend/src/auth/publicSignup.test.tsx": [
      {
        "type": "Secret Keyword",
        "filename": "frontend/src/auth/publicSignup.test.tsx",
        "hashed_secret": "fc8a19a15e670d557b7b5601d9fc0eed15c2d6ce",
        "is_verified": false,
        "line_number": 65
      }
    ],
    "frontend/src/components/ui/designSystem.test.tsx": [
      {
        "type": "Hex High Entropy String",
        "filename": "frontend/src/components/ui/designSystem.test.tsx",
        "hashed_secret": "737e78001b976ac60c5c707ec97c1312c7528fd9",
        "is_verified": false,
        "line_number": 157
      },
      {
        "type": "Hex High Entropy String",
        "filename": "frontend/src/components/ui/designSystem.test.tsx",
        "hashed_secret": "638b50a13ca32d4b73b2fbfcbf8cf07a1e0bc0e1",
        "is_verified": false,
        "line_number": 160
      }
    ],
    "pdv/e2e/fixtures/index.ts": [
      {
        "type": "Secret Keyword",
        "filename": "pdv/e2e/fixtures/index.ts",
        "hashed_secret": "b67d483969299069efb79264b690caab2d3b9db3",
        "is_verified": false,
        "line_number": 4
      },
      {
        "type": "Secret Keyword",
        "filename": "pdv/e2e/fixtures/index.ts",
        "hashed_secret": "3bee216ebc256d692260fc3adc765050508fef5e",
        "is_verified": false,
        "line_number": 108
      }
    ],
    "pdv/e2e/r6-offline-hardening.spec.ts": [
      {
        "type": "Secret Keyword",
        "filename": "pdv/e2e/r6-offline-hardening.spec.ts",
        "hashed_secret": "94ec60313b30121b98e15f600741d0787e0edcec",
        "is_verified": false,
        "line_number": 3
      }
    ],
    "pdv/e2e/r7-fiscal-emission.spec.ts": [
      {
        "type": "Secret Keyword",
        "filename": "pdv/e2e/r7-fiscal-emission.spec.ts",
        "hashed_secret": "94ec60313b30121b98e15f600741d0787e0edcec",
        "is_verified": false,
        "line_number": 3
      }
    ],
    "pdv/src/main/services/auth.ts": [
      {
        "type": "Secret Keyword",
        "filename": "pdv/src/main/services/auth.ts",
        "hashed_secret": "665b1e3851eefefa3fb878654292f16597d25155",
        "is_verified": false,
        "line_number": 10
      }
    ]
  },
  "generated_at": "2026-08-23T16:14:23Z"
}
